crefdb = {
	'CCL' : 'doxid-group__ccl',
	'CCL-App' : 'doxid-group__ccl__app',
	'Interfaces' : 'doxid-group__app__inter',
	'Presets' : 'doxid-group__app__preset',
	'CCL-Base' : 'doxid-group__ccl__base',
	'Collections' : 'doxid-group__base__collect',
	'IO' : 'doxid-group__base__io',
	'Plugins' : 'doxid-group__base__plug',
	'CCL-GUI' : 'doxid-group__gui',
	'Commands' : 'doxid-group__gui__command',
	'Data Transfer' : 'doxid-group__gui__data',
	'Graphics' : 'doxid-group__gui__graphics',
	'Help System' : 'doxid-group__gui__help',
	'Menu' : 'doxid-group__gui__menu',
	'Parameters' : 'doxid-group__gui__param',
	'Skin' : 'doxid-group__gui__skin',
	'User Interface Events' : 'doxid-group__gui__event',
	'Views' : 'doxid-group__gui__view',
	'Custom Controls' : 'doxid-group__gui__appview',
	'Dialogs' : 'doxid-group__gui__dialog',
	'List- and Treeviews' : 'doxid-group__gui__item',
	'CCL-System' : 'doxid-group__ccl__system',
	'CCL-Text' : 'doxid-group__ccl__text',
	'Strings' : 'doxid-group__text__string',
	'Core' : 'doxid-group__core',
	'Core-Plug-ins' : 'doxid-group__core__plugin',
	'Formatter' : 'doxid-group__core__format',
	'Interpolators' : 'doxid-group__core__interpolator',
	'Bluetooth' : 'doxid-namespace_core_1_1_bluetooth',
	'CCL::AnimationTimingType' : 'doxid-namespace_c_c_l_1aefbbae80de5a42b1d234522b8f2bd5a3',
	'CCL::kTimingLinear' : 'doxid-namespace_c_c_l_1aefbbae80de5a42b1d234522b8f2bd5a3a07aa7aed054c4aa1b8bee95094f5996d',
	'CCL::kTimingToggle' : 'doxid-namespace_c_c_l_1aefbbae80de5a42b1d234522b8f2bd5a3a85d3c5741ba108eb6c5c42fed8346219',
	'CCL::kTimingEaseIn' : 'doxid-namespace_c_c_l_1aefbbae80de5a42b1d234522b8f2bd5a3aa52a64e365c71fc0986551f5c5b6a575',
	'CCL::kTimingEaseOut' : 'doxid-namespace_c_c_l_1aefbbae80de5a42b1d234522b8f2bd5a3a4103d736c8871495150e6555f424b5ad',
	'CCL::kTimingEaseInOut' : 'doxid-namespace_c_c_l_1aefbbae80de5a42b1d234522b8f2bd5a3ac227d06e9c999b0afd0d6565e886c7d1',
	'CCL::kTimingCubicBezier' : 'doxid-namespace_c_c_l_1aefbbae80de5a42b1d234522b8f2bd5a3a31937dc6196539bcf008685c00ad9f11',
	'CCL::ArchiveType' : 'doxid-namespace_c_c_l_1a7737390835d39f4d1c5f19832474edfa',
	'CCL::kXmlArchive' : 'doxid-namespace_c_c_l_1a7737390835d39f4d1c5f19832474edfaa6d1c3268239b63f428c122a6cc52c63f',
	'CCL::kBinaryArchive' : 'doxid-namespace_c_c_l_1a7737390835d39f4d1c5f19832474edfaa88fe888aedef4c8b361d2b70ff998845',
	'CCL::kJsonArchive' : 'doxid-namespace_c_c_l_1a7737390835d39f4d1c5f19832474edfaa5af08d9a0ab6dfe460848b071a82e7de',
	'CCL::kUBJsonArchive' : 'doxid-namespace_c_c_l_1a7737390835d39f4d1c5f19832474edfaac55b8ae1d682c64bde0fb6480a7b7331',
	'CCL::BinaryArchiveTypes' : 'doxid-namespace_c_c_l_1aaa7b4079286154e9ad338fb2c79c1340',
	'CCL::kAttrQueueID' : 'doxid-namespace_c_c_l_1aaa7b4079286154e9ad338fb2c79c1340aaf5fed301a6b85b0f7b01ee795d9bf6d',
	'CCL::ISettingsSaver::restore' : 'doxid-struct_c_c_l_1_1_i_settings_saver_1a44b962710e7b386d103f86b4830237d1',
	'CCL::ISettingsSaver::flush' : 'doxid-struct_c_c_l_1_1_i_settings_saver_1accff42055f41c48c7345422de8e4d999',
	'CCL::ISgmlWriter' : 'doxid-struct_c_c_l_1_1_i_sgml_writer',
	'CCL::ISgmlWriter::writeDocType' : 'doxid-struct_c_c_l_1_1_i_sgml_writer_1aa409b39712221b4fa9fc47f92cd0000e',
	'CCL::ISgmlWriter::setShouldIndent' : 'doxid-struct_c_c_l_1_1_i_sgml_writer_1a2f4653b3bf38e3b0145dd094928897d8',
	'CCL::ISgmlWriter::startElement' : 'doxid-struct_c_c_l_1_1_i_sgml_writer_1a7ed320cc20413b3126cca97859da92e1',
	'CCL::ISgmlWriter::endElement' : 'doxid-struct_c_c_l_1_1_i_sgml_writer_1ada7968ec2487e0203d198fd266ccd0bd',
	'CCL::ISgmlWriter::writeElement' : 'doxid-struct_c_c_l_1_1_i_sgml_writer_1aa81448b7ab1cc3f1593e209520b3a571',
	'CCL::ISgmlWriter::writeValue' : 'doxid-struct_c_c_l_1_1_i_sgml_writer_1a453bb77c9b626ce4197a57bb32b91ce5',
	'CCL::ISgmlWriter::writeComment' : 'doxid-struct_c_c_l_1_1_i_sgml_writer_1a1e278405991a504b490bff4677476808',
	'CCL::ISgmlWriter::getCurrentDepth' : 'doxid-struct_c_c_l_1_1_i_sgml_writer_1af9beaf95bb5ff09707e2b5ba5f633687',
	'CCL::ISignalHandler' : 'doxid-struct_c_c_l_1_1_i_signal_handler',
	'CCL::ISignalHandler::advise' : 'doxid-struct_c_c_l_1_1_i_signal_handler_1a68b077da929878a93f71d3f553ad6bcf',
	'CCL::ISignalHandler::unadvise' : 'doxid-struct_c_c_l_1_1_i_signal_handler_1aac47568babce5d47013bdba564d7cf9d',
	'CCL::ISignalHandler::performSignal' : 'doxid-struct_c_c_l_1_1_i_signal_handler_1a533260693d8eed25bb4c2c1a43fff51c',
	'CCL::ISignalHandler::queueSignal' : 'doxid-struct_c_c_l_1_1_i_signal_handler_1ad89d3de39fb354432c537762846db520',
	'CCL::ISignalHandler::queueChanged' : 'doxid-struct_c_c_l_1_1_i_signal_handler_1a3f5e205274f00396c70833ff23354c61',
	'CCL::ISignalHandler::cancelSignals' : 'doxid-struct_c_c_l_1_1_i_signal_handler_1a57d937f044ba2d39ea40cf78145b749e',
	'CCL::ISignalHandler::postMessage' : 'doxid-struct_c_c_l_1_1_i_signal_handler_1a2a102240ff0c9c990a0ba113fc317295',
	'CCL::ISignalHandler::postMessageBlocking' : 'doxid-struct_c_c_l_1_1_i_signal_handler_1aab5e4d3a27de35bf5e869457221c1683',
	'CCL::ISignalHandler::cancelMessages' : 'doxid-struct_c_c_l_1_1_i_signal_handler_1ac1eb16239251bcd09ed4ff2dd3101194',
	'CCL::ISignalHandler::flush' : 'doxid-struct_c_c_l_1_1_i_signal_handler_1a96d345dfd79b74a74cba692dc23a484a',
	'CCL::ISignalHandler::hasObservers' : 'doxid-struct_c_c_l_1_1_i_signal_handler_1a832dd4255bc529d8463922973539941d',
	'CCL::ISignalHandler::messagesPending' : 'doxid-struct_c_c_l_1_1_i_signal_handler_1a7457210ce593110b8211a51f8d4909a2',
	'CCL::ISkinEditSupport' : 'doxid-struct_c_c_l_1_1_i_skin_edit_support',
	'CCL::ISkinEditSupport::getTypeLibrary' : 'doxid-struct_c_c_l_1_1_i_skin_edit_support_1a186333dbe85543fba4e80a7b1b979368',
	'CCL::ISkinEditSupport::getViewBaseClass' : 'doxid-struct_c_c_l_1_1_i_skin_edit_support_1abd02420dfee9a08810095f9a77defedd',
	'CCL::ISkinEditSupport::getFormClass' : 'doxid-struct_c_c_l_1_1_i_skin_edit_support_1ab5dc81639f27a8e09a2df8aa345025e4',
	'CCL::ISkinEditSupport::suggestSourceFile' : 'doxid-struct_c_c_l_1_1_i_skin_edit_support_1a3e2c9736dc9544eb392eaf10d8d4ee6b',
	'CCL::ISkinEditSupport::suggestAssetFolder' : 'doxid-struct_c_c_l_1_1_i_skin_edit_support_1a88d973481a8785e8fe8007f8594ed613',
	'CCL::ISkinEditSupport::getSupportedFileTypes' : 'doxid-struct_c_c_l_1_1_i_skin_edit_support_1a55b0431f08d13526d62b4751a581b037',
	'CCL::ISkinEditSupport::loadImage' : 'doxid-struct_c_c_l_1_1_i_skin_edit_support_1a1a19a8d89135b5815f5940c871dcb3d1',
	'CCL::ISkinEditSupport::loadBinaryFile' : 'doxid-struct_c_c_l_1_1_i_skin_edit_support_1a752a5800b41103bbd73174ee7d96e100',
	'CCL::ISkinEditSupport::getAttributeType' : 'doxid-struct_c_c_l_1_1_i_skin_edit_support_1a1ada78560511164841d7259010acb469',
	'CCL::ISkinEditSupport::isVariantOrTabView' : 'doxid-struct_c_c_l_1_1_i_skin_edit_support_1ab792bc4a3c46d8951d1f3c0cbcfa96d4',
	'CCL::SizeLimit::makeValid' : 'doxid-struct_c_c_l_1_1_size_limit_1a1f22684d0b1571c79313bbd55ca13748',
	'CCL::SizeLimit::operator==' : 'doxid-struct_c_c_l_1_1_size_limit_1a8b04608095319367af093361ca0544d9',
	'CCL::SizeLimit::operator Rect' : 'doxid-struct_c_c_l_1_1_size_limit_1a5cd05aff28ec3fd01b4fecb2ab970420',
	'CCL::SkinValueChange' : 'doxid-struct_c_c_l_1_1_skin_value_change',
	'CCL::SkinValueChange::name' : 'doxid-struct_c_c_l_1_1_skin_value_change_1a75e23015d1a243730f8ff8176f08b6ff',
	'CCL::SkinValueChange::value' : 'doxid-struct_c_c_l_1_1_skin_value_change_1a1e3f7c33806a7b0f289b6fdaf58110bc',
	'CCL::StreamSizeWriter' : 'doxid-struct_c_c_l_1_1_stream_size_writer',
	'CCL::StreamSizeWriter::stream' : 'doxid-struct_c_c_l_1_1_stream_size_writer_1a7674c2f75700a313e3539d64924d6b9b',
	'CCL::StreamSizeWriter::oldPos' : 'doxid-struct_c_c_l_1_1_stream_size_writer_1a180258c0ababbb2598cd63445043339f',
	'CCL::StrokePoint' : 'doxid-struct_c_c_l_1_1_stroke_point',
	'CCL::StrokePoint::position' : 'doxid-struct_c_c_l_1_1_stroke_point_1a4ed5035ada20bca00d7b88a7cd3084fa',
	'CCL::StrokePoint::pressure' : 'doxid-struct_c_c_l_1_1_stroke_point_1ad1b3c9afff111963d996d13b3f34b1fd',
	'CCL::StrokePoint::tiltX' : 'doxid-struct_c_c_l_1_1_stroke_point_1a5d739838896e426dd0375796fda5099c',
	'CCL::StrokePoint::tiltY' : 'doxid-struct_c_c_l_1_1_stroke_point_1af5010d30ec547e3a74cf172759cd4429',
	'CCL::StrokePoint::strokeTime' : 'doxid-struct_c_c_l_1_1_stroke_point_1aeec0d046c5ec2053e71bf62b99afa782',
	'CCL::StyleFlags' : 'doxid-struct_c_c_l_1_1_style_flags',
	'CCL::StyleFlags::common' : 'doxid-struct_c_c_l_1_1_style_flags_1aad9bbb0dd619c1fc2bd314559acfdf39',
	'CCL::StyleFlags::custom' : 'doxid-struct_c_c_l_1_1_style_flags_1ac8be278b2e8d6774e44bba587125efad',
	'CCL::StyleFlags::isEmpty' : 'doxid-struct_c_c_l_1_1_style_flags_1acf82f9b2937375c7b1cf3dccb3df3312',
	'CCL::StyleFlags::isCommonStyle' : 'doxid-struct_c_c_l_1_1_style_flags_1a38f067ddc83f8919919032118b79fe0a',
	'CCL::StyleFlags::isCustomStyle' : 'doxid-struct_c_c_l_1_1_style_flags_1a80af8d4365ae2e6c77622d8eab7c21fe',
	'CCL::StyleFlags::setCommonStyle' : 'doxid-struct_c_c_l_1_1_style_flags_1a3aa3d97b16c75c4b5d5a6c824820dc7a',
	'CCL::StyleFlags::setCustomStyle' : 'doxid-struct_c_c_l_1_1_style_flags_1a7c93f4e1d421de6a369066cec49a0d81',
	'CCL::StyleFlags::isHorizontal' : 'doxid-struct_c_c_l_1_1_style_flags_1a21b9cefd33ae22e4c2070ad441bdd30b',
	'CCL::StyleFlags::isVertical' : 'doxid-struct_c_c_l_1_1_style_flags_1abd54544ef1710ee4b67cfb021d73446c',
	'CCL::StyleFlags::isTransparent' : 'doxid-struct_c_c_l_1_1_style_flags_1af52470d47876686f8756b0a597152edb',
	'CCL::StyleFlags::isOpaque' : 'doxid-struct_c_c_l_1_1_style_flags_1a240cf514e1a4b7195788760d6ad12123',
	'CCL::StyleFlags::isEnabled' : 'doxid-struct_c_c_l_1_1_style_flags_1aacb819fb241851fd9fc045271baa4034',
	'CCL::StyleFlags::isBorder' : 'doxid-struct_c_c_l_1_1_style_flags_1a7af433a9a66f58832ce90ad24996a637',
	'CCL::StyleFlags::isDirectUpdate' : 'doxid-struct_c_c_l_1_1_style_flags_1a346b4bdcb5fc1469533d0a06591280c5',
	'CCL::StyleFlags::isComposited' : 'doxid-struct_c_c_l_1_1_style_flags_1acd905f374866f6feabf71de74d69f403',
	'CCL::StyleFlags::isTranslucent' : 'doxid-struct_c_c_l_1_1_style_flags_1ae3fd21bb74fe2344044b2c8d791c95d7',
	'CCL::StyleFlags::isTrigger' : 'doxid-struct_c_c_l_1_1_style_flags_1a19ef140379eb9e7a2275e6d8948c1f27',
	'CCL::StyleFlags::isSmall' : 'doxid-struct_c_c_l_1_1_style_flags_1ac27ec3d40383780721bf3fb5aa31d7d4',
	'CCL::StyleFlags::toLargeInt' : 'doxid-struct_c_c_l_1_1_style_flags_1a2c0ea41a7bcb84082fa2d8fa4e17d642',
	'CCL::StyleFlags::fromLargeInt' : 'doxid-struct_c_c_l_1_1_style_flags_1af57686be6c9268fd727a2e5f2873f703',
	'CCL::StyleFlags::operator==' : 'doxid-struct_c_c_l_1_1_style_flags_1a1001258f865b9e2bd322d8893cd90da7',
	'CCL::StyleFlags::operator!=' : 'doxid-struct_c_c_l_1_1_style_flags_1a632fa1dbe670b9352f793f8647987039',
	'CCL::TooltipEvent' : 'doxid-struct_c_c_l_1_1_tooltip_event',
	'CCL::TooltipEvent::EventType' : 'doxid-struct_c_c_l_1_1_tooltip_event_1a2628ea8d12e8b2563c32f05dc7fff6fa',
	'CCL::TooltipEvent::kShow' : 'doxid-struct_c_c_l_1_1_tooltip_event_1a2628ea8d12e8b2563c32f05dc7fff6faa10efddbbb609dd18385bda8e78b46481',
	'CCL::TooltipEvent::kHide' : 'doxid-struct_c_c_l_1_1_tooltip_event_1a2628ea8d12e8b2563c32f05dc7fff6faaa56918f2929504072e0453f4a5f38dcb',
	'CCL::TooltipEvent::kMove' : 'doxid-struct_c_c_l_1_1_tooltip_event_1a2628ea8d12e8b2563c32f05dc7fff6faa994303b5356ebbab38f2581c173a765b',
	'CCL::TooltipEvent::tooltip' : 'doxid-struct_c_c_l_1_1_tooltip_event_1af7fa08511683780d1749739fc0eca9d2',
	'CCL::TooltipEvent::where' : 'doxid-struct_c_c_l_1_1_tooltip_event_1ac5067f30c15a95aad0acbe4a9f8dc222',
	'CCL::TouchEvent' : 'doxid-struct_c_c_l_1_1_touch_event',
	'CCL::TouchEvent::@kNoTouchId' : 'doxid-struct_c_c_l_1_1_touch_event_1adc29c2ff13d900c2f185ee95427fb06ca2a386903785b51fe0078b154e84567df',
	'CCL::TouchEvent::EventType' : 'doxid-struct_c_c_l_1_1_touch_event_1a2628ea8d12e8b2563c32f05dc7fff6fa',
	'CCL::TouchEvent::kBegin' : 'doxid-struct_c_c_l_1_1_touch_event_1a2628ea8d12e8b2563c32f05dc7fff6faabc222da733c42fcce52252bf3d23ee20',
	'CCL::TouchEvent::kMove' : 'doxid-struct_c_c_l_1_1_touch_event_1a2628ea8d12e8b2563c32f05dc7fff6faa994303b5356ebbab38f2581c173a765b',
	'CCL::TouchEvent::kEnd' : 'doxid-struct_c_c_l_1_1_touch_event_1a2628ea8d12e8b2563c32f05dc7fff6faa4d86acf93e9e5caa20476fe1ae833fba',
	'CCL::TouchEvent::kEnter' : 'doxid-struct_c_c_l_1_1_touch_event_1a2628ea8d12e8b2563c32f05dc7fff6faa64c201f3b4dec38710338195d6589bb3',
	'CCL::TouchEvent::kHover' : 'doxid-struct_c_c_l_1_1_touch_event_1a2628ea8d12e8b2563c32f05dc7fff6faa466506edef5f10ab301ca63c0921bcc2',
	'CCL::TouchEvent::kLeave' : 'doxid-struct_c_c_l_1_1_touch_event_1a2628ea8d12e8b2563c32f05dc7fff6faa0b72d94c281f13173fbef1ccdc49e866',
	'CCL::TouchEvent::kCancel' : 'doxid-struct_c_c_l_1_1_touch_event_1a2628ea8d12e8b2563c32f05dc7fff6faa8097ecc6d775444810bc07f1cb0e3842',
	'CCL::TouchEvent::touches' : 'doxid-struct_c_c_l_1_1_touch_event_1a3115dc6dc7407742f46a553b21c396e2',
	'CCL::TouchEvent::touchID' : 'doxid-struct_c_c_l_1_1_touch_event_1a6c40f089809c8d238ac87f5836dfc507',
	'CCL::TouchEvent::isHoverEvent' : 'doxid-struct_c_c_l_1_1_touch_event_1a9c53da94df7a3765bab7c53dc2875679',
	'CCL::Transform' : 'doxid-struct_c_c_l_1_1_transform',
	'CCL::Transform::a0' : 'doxid-struct_c_c_l_1_1_transform_1a9404ccf1a95542ac80c0609271af0fb2',
	'CCL::Transform::a1' : 'doxid-struct_c_c_l_1_1_transform_1ad36c8f7a507294aa8f53bb0baf28fb24',
	'CCL::Transform::b0' : 'doxid-struct_c_c_l_1_1_transform_1aae36fc890ea9532f56273eb4ff3d8fc3',
	'CCL::Transform::b1' : 'doxid-struct_c_c_l_1_1_transform_1a0a909289ec9fbfaa70c0e112ec9e3b15',
	'CCL::Transform::t0' : 'doxid-struct_c_c_l_1_1_transform_1a618b1245721cc083957a0e13a409af25',
	'CCL::Transform::t1' : 'doxid-struct_c_c_l_1_1_transform_1ab003a1a52083f94ec0e39bb78b8295b0',
	'CCL::Transform::operator()' : 'doxid-struct_c_c_l_1_1_transform_1a1840b6779e28e7a3dcd2ad193c84cab8',
	'CCL::Transform::operator=' : 'doxid-struct_c_c_l_1_1_transform_1a1aecbfa490ef7fbd65db295fe5b46645',
	'CCL::Transform::operator==' : 'doxid-struct_c_c_l_1_1_transform_1aa313f457ce35f4d62822bb4c05e11c7c',
	'CCL::Transform::operator!=' : 'doxid-struct_c_c_l_1_1_transform_1ab3559e4a4071e73751fbc60d4c951d65',
	'CCL::Transform::isIdentity' : 'doxid-struct_c_c_l_1_1_transform_1ac7d05bd7bb4e214a6253fb3df2ebfb91',
	'CCL::Transform::translate' : 'doxid-struct_c_c_l_1_1_transform_1a5aa97ed64d669122b033f4421563f617',
	'CCL::Transform::scale' : 'doxid-struct_c_c_l_1_1_transform_1aef221fbeb51db72ce0cb76928cad25cb',
	'CCL::Transform::rotate' : 'doxid-struct_c_c_l_1_1_transform_1ac0a71e72657beb4285e8aa8359885f8a',
	'CCL::Transform::skewX' : 'doxid-struct_c_c_l_1_1_transform_1a14f6ba8370c1d143ecaa039e0ec39a05',
	'CCL::Transform::skewY' : 'doxid-struct_c_c_l_1_1_transform_1aa4872a0a9cdfefb7949a721b41ef1a9d',
	'CCL::Transform::multiply' : 'doxid-struct_c_c_l_1_1_transform_1a050e7ed81a7b508be09750e027d7f59a',
	'CCL::Transform::transform' : 'doxid-struct_c_c_l_1_1_transform_1a63ef18cf56ef10678fb6e88a1b56ea4e',
	'CCL::TransformData' : 'doxid-struct_c_c_l_1_1_transform_data',
	'CCL::TransformData::sourceBuffer' : 'doxid-struct_c_c_l_1_1_transform_data_1a2a7d1c7e3f1626ff971566c8430f2ffb',
	'CCL::TransformData::destBuffer' : 'doxid-struct_c_c_l_1_1_transform_data_1a9362b76ccd050f9414e4050c9f3349ad',
	'CCL::TransformData::sourceSize' : 'doxid-struct_c_c_l_1_1_transform_data_1af9687dc2bfb962fdd5ddb71e444dcf14',
	'CCL::TransformData::destSize' : 'doxid-struct_c_c_l_1_1_transform_data_1acaf094f72db9e2746e229dd7cca2a4bc',
	'CCL::TransformData::flush' : 'doxid-struct_c_c_l_1_1_transform_data_1ac6ae170e47add02d7d5afb8a2473920e',
	'CCL::TransformSetter' : 'doxid-struct_c_c_l_1_1_transform_setter',
	'CCL::TransformSetter::graphics' : 'doxid-struct_c_c_l_1_1_transform_setter_1af87168d94539e806dcd42b3cdc07f2f1',
	'CCL::TransformSetter::transformed' : 'doxid-struct_c_c_l_1_1_transform_setter_1a21fdab6aaab035387d902576d2dcf1e9',
	'CCL::UID' : 'doxid-struct_c_c_l_1_1_u_i_d',
	'CCL::IPackageHandler' : 'doxid-namespace_c_c_l_1ad5b4fc0f8edc5226ec9331cc0e83829c',
	'CCL::IPackageInfo' : 'doxid-namespace_c_c_l_1a4dd1857ece26c67add2a908458174a3b',
	'CCL::IPerformanceMeter' : 'doxid-namespace_c_c_l_1a8ebd47ad7a6d59c54c877cafe1338483',
	'CCL::IPerformanceProvider' : 'doxid-namespace_c_c_l_1a482ad4c752051852c3a7d79b3eb6f059',
	'CCL::IPerformanceValueProvider' : 'doxid-namespace_c_c_l_1a5e97f56324f59941840ac42d47076fc9',
	'CCL::IPerformanceViewer' : 'doxid-namespace_c_c_l_1aa0c2b84c7031df48482c57ab86baff8e',
	'CCL::IProtocolHandler' : 'doxid-namespace_c_c_l_1a61b92397afc7184c2f1885f5fbba94e8',
	'CCL::IProtocolHandlerRegistry' : 'doxid-namespace_c_c_l_1a203111412879633c9d5bd72d6c4202fa',
	'CCL::ICrashReport' : 'doxid-namespace_c_c_l_1a0a7c89a8b16adf5a30e777491db48615',
	'CCL::ISafetyManager' : 'doxid-namespace_c_c_l_1abfe7ae1fe3a71d7c5e57ed232caeeb89',
	'CCL::ISearchDescription' : 'doxid-namespace_c_c_l_1a777df17a26519009e5519da83f77e88f',
	'CCL::ISearcher' : 'doxid-namespace_c_c_l_1a32db9335fe9a8fe1f38dd4800faa6220',
	'CCL::ISearchResultSink' : 'doxid-namespace_c_c_l_1af84e27133a27e798b7e3414d41454de5',
	'CCL::IStatisticsCollection' : 'doxid-namespace_c_c_l_1aa38784afce4e3bdb73737e62236ca7f1',
	'CCL::IStatisticsProvider' : 'doxid-namespace_c_c_l_1a56f04d8e977b84fe31600ea0822b2f99',
	'CCL::kStatsUpdated' : 'doxid-namespace_c_c_l_1a7d4e9a2ca5369aaa087dd6d0655f4756',
	'UNKNOWN_REFCOUNT' : 'doxid-unkmacros_8h_1a4277459c5d460f9593952a7fb8dc6021',
	'USE_CDATA' : 'doxid-xmltree_8cpp_1a44d6386097d79e93cde7c8f89cc69df9',
	'USE_UTF8_STRINGS' : 'doxid-binaryarchive_8cpp_1a0e105c6488a66a2afa165b51033e72f5',
	'VectorForEach' : 'doxid-corevector_8h_1a08704d61a487a515e5e4398efa872a64',
	'VectorForEachFast' : 'doxid-corevector_8h_1af42eae24d7d5faadcb0870b9535750b0',
	'VectorForEachReverse' : 'doxid-corevector_8h_1ad41d4108ba172605361d84840ff07f1f',
	'XSTR' : 'doxid-translation_8h_1a7962472d02695ad17cc9eff9c0e6d843',
	'XSTRING' : 'doxid-translation_8h_1a839fc9828b7f113f99c2cf7a49bead49',
	'XSTR_REF' : 'doxid-translation_8h_1afc5e80302fdf5cb9742238cc6b5ccf6d',
	'ccl_abs' : 'doxid-primitives_8h_1ae3ce2eeb941de5b2ad57c52349066280',
	'ccl_bound' : 'doxid-primitives_8h_1ab904807c0393adb0795379ee9261e2af',
	'ccl_max' : 'doxid-primitives_8h_1a21f953630e7b47bf78c955ba3f44348a',
	'ccl_min' : 'doxid-primitives_8h_1a83d73e4cba565b092d01e1729d5ca7f5',
	'ccl_power' : 'doxid-mathprimitives_8h_1a11597ce7e56dc7f062c24964d5bf66c9',
	'ccl_sign' : 'doxid-primitives_8h_1ae5ace5ee8766f9af091e97f4026744ca',
	'free' : 'doxid-coremalloc_8h_1a9d4b5df3530d1bc733070a4669ba6ebc',
	'interface' : 'doxid-platform_8h_1a8f8bdbe5685d2ab60ca313c61017b92a',
	'malloc' : 'doxid-coremalloc_8h_1a6bb12c9cae32ecd32a4584a86c4c6c99',
	'realloc' : 'doxid-coremalloc_8h_1a469b126e215a28c66c593b1c53a8717c'
}