.. Skin Elements Reference

.. |xml.docgroup.animation| replace:: <:ref:`Animation <skin-elements-classmodel-docgroup-Animation>`>
.. |xml.docgroup.controls| replace:: <:ref:`Controls <skin-elements-classmodel-docgroup-Controls>`>
.. |xml.docgroup.general| replace:: <:ref:`General <skin-elements-classmodel-docgroup-General>`>
.. |xml.docgroup.layout| replace:: <:ref:`Layout <skin-elements-classmodel-docgroup-Layout>`>
.. |xml.docgroup.resources| replace:: <:ref:`Resources <skin-elements-classmodel-docgroup-Resources>`>
.. |xml.docgroup.shapes| replace:: <:ref:`Shapes <skin-elements-classmodel-docgroup-Shapes>`>
.. |xml.docgroup.styles| replace:: <:ref:`Styles <skin-elements-classmodel-docgroup-Styles>`>
.. |xml.docgroup.views| replace:: <:ref:`Views <skin-elements-classmodel-docgroup-Views>`>
.. |xml.docgroup.workspace| replace:: <:ref:`Workspace <skin-elements-classmodel-docgroup-Workspace>`>
.. |xml.class.abstractlayout| replace:: <:ref:`AbstractLayout <skin-elements-classmodel-class-AbstractLayout>`>
.. |xml.class.activityindicator| replace:: <:ref:`ActivityIndicator <skin-elements-classmodel-class-ActivityIndicator>`>
.. |xml.class.align| replace:: <:ref:`Align <skin-elements-classmodel-class-Align>`>
.. |xml.class.alignview| replace:: <:ref:`AlignView <skin-elements-classmodel-class-AlignView>`>
.. |xml.class.anchor| replace:: <:ref:`Anchor <skin-elements-classmodel-class-Anchor>`>
.. |xml.class.animation| replace:: <:ref:`Animation <skin-elements-classmodel-class-Animation>`>
.. |xml.class.basicshape| replace:: <:ref:`BasicShape <skin-elements-classmodel-class-BasicShape>`>
.. |xml.class.border| replace:: <:ref:`Border <skin-elements-classmodel-class-Border>`>
.. |xml.class.button| replace:: <:ref:`Button <skin-elements-classmodel-class-Button>`>
.. |xml.class.checkbox| replace:: <:ref:`CheckBox <skin-elements-classmodel-class-CheckBox>`>
.. |xml.class.color| replace:: <:ref:`Color <skin-elements-classmodel-class-Color>`>
.. |xml.class.colorbox| replace:: <:ref:`ColorBox <skin-elements-classmodel-class-ColorBox>`>
.. |xml.class.colorscheme| replace:: <:ref:`ColorScheme <skin-elements-classmodel-class-ColorScheme>`>
.. |xml.class.colorscheme.color| replace:: <:ref:`ColorScheme.Color <skin-elements-classmodel-class-ColorScheme.Color>`>
.. |xml.class.combobox| replace:: <:ref:`ComboBox <skin-elements-classmodel-class-ComboBox>`>
.. |xml.class.commandbarview| replace:: <:ref:`CommandBarView <skin-elements-classmodel-class-CommandBarView>`>
.. |xml.class.control| replace:: <:ref:`Control <skin-elements-classmodel-class-Control>`>
.. |xml.class.cursor| replace:: <:ref:`Cursor <skin-elements-classmodel-class-Cursor>`>
.. |xml.class.cursorview| replace:: <:ref:`CursorView <skin-elements-classmodel-class-CursorView>`>
.. |xml.class.delegate| replace:: <:ref:`Delegate <skin-elements-classmodel-class-Delegate>`>
.. |xml.class.dialogbutton| replace:: <:ref:`DialogButton <skin-elements-classmodel-class-DialogButton>`>
.. |xml.class.dialoggroup| replace:: <:ref:`DialogGroup <skin-elements-classmodel-class-DialogGroup>`>
.. |xml.class.divider| replace:: <:ref:`Divider <skin-elements-classmodel-class-Divider>`>
.. |xml.class.dropbox| replace:: <:ref:`DropBox <skin-elements-classmodel-class-DropBox>`>
.. |xml.class.editbox| replace:: <:ref:`EditBox <skin-elements-classmodel-class-EditBox>`>
.. |xml.class.element| replace:: <:ref:`Element <skin-elements-classmodel-class-Element>`>
.. |xml.class.ellipse| replace:: <:ref:`Ellipse <skin-elements-classmodel-class-Ellipse>`>
.. |xml.class.embeddedframe| replace:: <:ref:`EmbeddedFrame <skin-elements-classmodel-class-EmbeddedFrame>`>
.. |xml.class.external| replace:: <:ref:`External <skin-elements-classmodel-class-External>`>
.. |xml.class.externals| replace:: <:ref:`Externals <skin-elements-classmodel-class-Externals>`>
.. |xml.class.flexbox| replace:: <:ref:`Flexbox <skin-elements-classmodel-class-Flexbox>`>
.. |xml.class.font| replace:: <:ref:`Font <skin-elements-classmodel-class-Font>`>
.. |xml.class.fontresource| replace:: <:ref:`FontResource <skin-elements-classmodel-class-FontResource>`>
.. |xml.class.form| replace:: <:ref:`Form <skin-elements-classmodel-class-Form>`>
.. |xml.class.forms| replace:: <:ref:`Forms <skin-elements-classmodel-class-Forms>`>
.. |xml.class.frame| replace:: <:ref:`Frame <skin-elements-classmodel-class-Frame>`>
.. |xml.class.gradient| replace:: <:ref:`Gradient <skin-elements-classmodel-class-Gradient>`>
.. |xml.class.gradientstop| replace:: <:ref:`GradientStop <skin-elements-classmodel-class-GradientStop>`>
.. |xml.class.header| replace:: <:ref:`Header <skin-elements-classmodel-class-Header>`>
.. |xml.class.helpanchor| replace:: <:ref:`HelpAnchor <skin-elements-classmodel-class-HelpAnchor>`>
.. |xml.class.horizontal| replace:: <:ref:`Horizontal <skin-elements-classmodel-class-Horizontal>`>
.. |xml.class.iconset| replace:: <:ref:`IconSet <skin-elements-classmodel-class-IconSet>`>
.. |xml.class.image| replace:: <:ref:`Image <skin-elements-classmodel-class-Image>`>
.. |xml.class.imagefilter| replace:: <:ref:`ImageFilter <skin-elements-classmodel-class-ImageFilter>`>
.. |xml.class.imagepart| replace:: <:ref:`ImagePart <skin-elements-classmodel-class-ImagePart>`>
.. |xml.class.imageview| replace:: <:ref:`ImageView <skin-elements-classmodel-class-ImageView>`>
.. |xml.class.import| replace:: <:ref:`Import <skin-elements-classmodel-class-Import>`>
.. |xml.class.imports| replace:: <:ref:`Imports <skin-elements-classmodel-class-Imports>`>
.. |xml.class.include| replace:: <:ref:`Include <skin-elements-classmodel-class-Include>`>
.. |xml.class.includes| replace:: <:ref:`Includes <skin-elements-classmodel-class-Includes>`>
.. |xml.class.invoker| replace:: <:ref:`Invoker <skin-elements-classmodel-class-Invoker>`>
.. |xml.class.itemview| replace:: <:ref:`ItemView <skin-elements-classmodel-class-ItemView>`>
.. |xml.class.knob| replace:: <:ref:`Knob <skin-elements-classmodel-class-Knob>`>
.. |xml.class.label| replace:: <:ref:`Label <skin-elements-classmodel-class-Label>`>
.. |xml.class.layout| replace:: <:ref:`Layout <skin-elements-classmodel-class-Layout>`>
.. |xml.class.line| replace:: <:ref:`Line <skin-elements-classmodel-class-Line>`>
.. |xml.class.lineargradient| replace:: <:ref:`LinearGradient <skin-elements-classmodel-class-LinearGradient>`>
.. |xml.class.link| replace:: <:ref:`Link <skin-elements-classmodel-class-Link>`>
.. |xml.class.listview| replace:: <:ref:`ListView <skin-elements-classmodel-class-ListView>`>
.. |xml.class.metric| replace:: <:ref:`Metric <skin-elements-classmodel-class-Metric>`>
.. |xml.class.model3d| replace:: <:ref:`Model3D <skin-elements-classmodel-class-Model3D>`>
.. |xml.class.multitoggle| replace:: <:ref:`MultiToggle <skin-elements-classmodel-class-MultiToggle>`>
.. |xml.class.null| replace:: <:ref:`Null <skin-elements-classmodel-class-Null>`>
.. |xml.class.object| replace:: <:ref:`Object <skin-elements-classmodel-class-Object>`>
.. |xml.class.options| replace:: <:ref:`Options <skin-elements-classmodel-class-Options>`>
.. |xml.class.overlay| replace:: <:ref:`Overlay <skin-elements-classmodel-class-Overlay>`>
.. |xml.class.overlays| replace:: <:ref:`Overlays <skin-elements-classmodel-class-Overlays>`>
.. |xml.class.pagecontrol| replace:: <:ref:`PageControl <skin-elements-classmodel-class-PageControl>`>
.. |xml.class.parameter| replace:: <:ref:`Parameter <skin-elements-classmodel-class-Parameter>`>
.. |xml.class.perspective| replace:: <:ref:`Perspective <skin-elements-classmodel-class-Perspective>`>
.. |xml.class.picture| replace:: <:ref:`Picture <skin-elements-classmodel-class-Picture>`>
.. |xml.class.popupbox| replace:: <:ref:`PopupBox <skin-elements-classmodel-class-PopupBox>`>
.. |xml.class.progressbar| replace:: <:ref:`ProgressBar <skin-elements-classmodel-class-ProgressBar>`>
.. |xml.class.radialgradient| replace:: <:ref:`RadialGradient <skin-elements-classmodel-class-RadialGradient>`>
.. |xml.class.radiobutton| replace:: <:ref:`RadioButton <skin-elements-classmodel-class-RadioButton>`>
.. |xml.class.rangeslider| replace:: <:ref:`RangeSlider <skin-elements-classmodel-class-RangeSlider>`>
.. |xml.class.rectangle| replace:: <:ref:`Rectangle <skin-elements-classmodel-class-Rectangle>`>
.. |xml.class.resource| replace:: <:ref:`Resource <skin-elements-classmodel-class-Resource>`>
.. |xml.class.resources| replace:: <:ref:`Resources <skin-elements-classmodel-class-Resources>`>
.. |xml.class.sceneview3d| replace:: <:ref:`SceneView3D <skin-elements-classmodel-class-SceneView3D>`>
.. |xml.class.scrollbar| replace:: <:ref:`ScrollBar <skin-elements-classmodel-class-ScrollBar>`>
.. |xml.class.scrollbutton| replace:: <:ref:`ScrollButton <skin-elements-classmodel-class-ScrollButton>`>
.. |xml.class.scrollpicker| replace:: <:ref:`ScrollPicker <skin-elements-classmodel-class-ScrollPicker>`>
.. |xml.class.scrollview| replace:: <:ref:`ScrollView <skin-elements-classmodel-class-ScrollView>`>
.. |xml.class.segmentbox| replace:: <:ref:`SegmentBox <skin-elements-classmodel-class-SegmentBox>`>
.. |xml.class.selectbox| replace:: <:ref:`SelectBox <skin-elements-classmodel-class-SelectBox>`>
.. |xml.class.setter| replace:: <:ref:`Setter <skin-elements-classmodel-class-Setter>`>
.. |xml.class.shape| replace:: <:ref:`Shape <skin-elements-classmodel-class-Shape>`>
.. |xml.class.shapecolormapping| replace:: <:ref:`ShapeColorMapping <skin-elements-classmodel-class-ShapeColorMapping>`>
.. |xml.class.shapeimage| replace:: <:ref:`ShapeImage <skin-elements-classmodel-class-ShapeImage>`>
.. |xml.class.shapes| replace:: <:ref:`Shapes <skin-elements-classmodel-class-Shapes>`>
.. |xml.class.sizevariant| replace:: <:ref:`SizeVariant <skin-elements-classmodel-class-SizeVariant>`>
.. |xml.class.skin| replace:: <:ref:`Skin <skin-elements-classmodel-class-Skin>`>
.. |xml.class.slider| replace:: <:ref:`Slider <skin-elements-classmodel-class-Slider>`>
.. |xml.class.space| replace:: <:ref:`Space <skin-elements-classmodel-class-Space>`>
.. |xml.class.startanimation| replace:: <:ref:`StartAnimation <skin-elements-classmodel-class-StartAnimation>`>
.. |xml.class.stopanimation| replace:: <:ref:`StopAnimation <skin-elements-classmodel-class-StopAnimation>`>
.. |xml.class.string| replace:: <:ref:`String <skin-elements-classmodel-class-String>`>
.. |xml.class.style| replace:: <:ref:`Style <skin-elements-classmodel-class-Style>`>
.. |xml.class.stylealias| replace:: <:ref:`StyleAlias <skin-elements-classmodel-class-StyleAlias>`>
.. |xml.class.styles| replace:: <:ref:`Styles <skin-elements-classmodel-class-Styles>`>
.. |xml.class.swipebox| replace:: <:ref:`SwipeBox <skin-elements-classmodel-class-SwipeBox>`>
.. |xml.class.tabview| replace:: <:ref:`TabView <skin-elements-classmodel-class-TabView>`>
.. |xml.class.table| replace:: <:ref:`Table <skin-elements-classmodel-class-Table>`>
.. |xml.class.target| replace:: <:ref:`Target <skin-elements-classmodel-class-Target>`>
.. |xml.class.textbox| replace:: <:ref:`TextBox <skin-elements-classmodel-class-TextBox>`>
.. |xml.class.texteditor| replace:: <:ref:`TextEditor <skin-elements-classmodel-class-TextEditor>`>
.. |xml.class.themeelements| replace:: <:ref:`ThemeElements <skin-elements-classmodel-class-ThemeElements>`>
.. |xml.class.toggle| replace:: <:ref:`Toggle <skin-elements-classmodel-class-Toggle>`>
.. |xml.class.toolbutton| replace:: <:ref:`ToolButton <skin-elements-classmodel-class-ToolButton>`>
.. |xml.class.treeview| replace:: <:ref:`TreeView <skin-elements-classmodel-class-TreeView>`>
.. |xml.class.trivectorpad| replace:: <:ref:`TriVectorPad <skin-elements-classmodel-class-TriVectorPad>`>
.. |xml.class.triangle| replace:: <:ref:`Triangle <skin-elements-classmodel-class-Triangle>`>
.. |xml.class.trigger| replace:: <:ref:`Trigger <skin-elements-classmodel-class-Trigger>`>
.. |xml.class.triggerview| replace:: <:ref:`TriggerView <skin-elements-classmodel-class-TriggerView>`>
.. |xml.class.triggers| replace:: <:ref:`Triggers <skin-elements-classmodel-class-Triggers>`>
.. |xml.class.updownbox| replace:: <:ref:`UpDownBox <skin-elements-classmodel-class-UpDownBox>`>
.. |xml.class.updownbutton| replace:: <:ref:`UpDownButton <skin-elements-classmodel-class-UpDownButton>`>
.. |xml.class.valuebar| replace:: <:ref:`ValueBar <skin-elements-classmodel-class-ValueBar>`>
.. |xml.class.valuebox| replace:: <:ref:`ValueBox <skin-elements-classmodel-class-ValueBox>`>
.. |xml.class.valuecontrol| replace:: <:ref:`ValueControl <skin-elements-classmodel-class-ValueControl>`>
.. |xml.class.variant| replace:: <:ref:`Variant <skin-elements-classmodel-class-Variant>`>
.. |xml.class.vectorpad| replace:: <:ref:`VectorPad <skin-elements-classmodel-class-VectorPad>`>
.. |xml.class.vertical| replace:: <:ref:`Vertical <skin-elements-classmodel-class-Vertical>`>
.. |xml.class.view| replace:: <:ref:`View <skin-elements-classmodel-class-View>`>
.. |xml.class.webview| replace:: <:ref:`WebView <skin-elements-classmodel-class-WebView>`>
.. |xml.class.windowclass| replace:: <:ref:`WindowClass <skin-elements-classmodel-class-WindowClass>`>
.. |xml.class.windowclasses| replace:: <:ref:`WindowClasses <skin-elements-classmodel-class-WindowClasses>`>
.. |xml.class.workspace| replace:: <:ref:`Workspace <skin-elements-classmodel-class-Workspace>`>
.. |xml.class.workspaces| replace:: <:ref:`Workspaces <skin-elements-classmodel-class-Workspaces>`>
.. |xml.class.zoomable| replace:: <:ref:`Zoomable <skin-elements-classmodel-class-Zoomable>`>
.. |xml.class.case| replace:: <:ref:`case <skin-elements-classmodel-class-case>`>
.. |xml.class.default| replace:: <:ref:`default <skin-elements-classmodel-class-default>`>
.. |xml.class.define| replace:: <:ref:`define <skin-elements-classmodel-class-define>`>
.. |xml.class.foreach| replace:: <:ref:`foreach <skin-elements-classmodel-class-foreach>`>
.. |xml.class.if| replace:: <:ref:`if <skin-elements-classmodel-class-if>`>
.. |xml.class.statement| replace:: <:ref:`statement <skin-elements-classmodel-class-statement>`>
.. |xml.class.styleselector| replace:: <:ref:`styleselector <skin-elements-classmodel-class-styleselector>`>
.. |xml.class.switch| replace:: <:ref:`switch <skin-elements-classmodel-class-switch>`>
.. |xml.class.using| replace:: <:ref:`using <skin-elements-classmodel-class-using>`>
.. |xml.class.zoom| replace:: <:ref:`zoom <skin-elements-classmodel-class-zoom>`>
.. |xml.enumeration.align.align| replace:: <:ref:`Align.align <skin-elements-classmodel-enumeration-Align.align>`>
.. |xml.enumeration.alignview.options| replace:: <:ref:`AlignView.options <skin-elements-classmodel-enumeration-AlignView.options>`>
.. |xml.enumeration.animation.function| replace:: <:ref:`Animation.function <skin-elements-classmodel-enumeration-Animation.function>`>
.. |xml.enumeration.animation.options| replace:: <:ref:`Animation.options <skin-elements-classmodel-enumeration-Animation.options>`>
.. |xml.enumeration.animation.reset| replace:: <:ref:`Animation.reset <skin-elements-classmodel-enumeration-Animation.reset>`>
.. |xml.enumeration.basicshape.style| replace:: <:ref:`BasicShape.style <skin-elements-classmodel-enumeration-BasicShape.style>`>
.. |xml.enumeration.button.options| replace:: <:ref:`Button.options <skin-elements-classmodel-enumeration-Button.options>`>
.. |xml.enumeration.checkbox.options| replace:: <:ref:`CheckBox.options <skin-elements-classmodel-enumeration-CheckBox.options>`>
.. |xml.enumeration.colorbox.options| replace:: <:ref:`ColorBox.options <skin-elements-classmodel-enumeration-ColorBox.options>`>
.. |xml.enumeration.combobox.options| replace:: <:ref:`ComboBox.options <skin-elements-classmodel-enumeration-ComboBox.options>`>
.. |xml.enumeration.combobox.returnkeytype| replace:: <:ref:`ComboBox.returnKeyType <skin-elements-classmodel-enumeration-ComboBox.returnKeyType>`>
.. |xml.enumeration.delegate.options| replace:: <:ref:`Delegate.options <skin-elements-classmodel-enumeration-Delegate.options>`>
.. |xml.enumeration.dialogbutton.result| replace:: <:ref:`DialogButton.result <skin-elements-classmodel-enumeration-DialogButton.result>`>
.. |xml.enumeration.dialoggroup.options| replace:: <:ref:`DialogGroup.options <skin-elements-classmodel-enumeration-DialogGroup.options>`>
.. |xml.enumeration.divider.options| replace:: <:ref:`Divider.options <skin-elements-classmodel-enumeration-Divider.options>`>
.. |xml.enumeration.dropbox.options| replace:: <:ref:`DropBox.options <skin-elements-classmodel-enumeration-DropBox.options>`>
.. |xml.enumeration.editbox.options| replace:: <:ref:`EditBox.options <skin-elements-classmodel-enumeration-EditBox.options>`>
.. |xml.enumeration.editbox.returnkeytype| replace:: <:ref:`EditBox.returnKeyType <skin-elements-classmodel-enumeration-EditBox.returnKeyType>`>
.. |xml.enumeration.flexbox.flex.align| replace:: <:ref:`Flexbox.flex.align <skin-elements-classmodel-enumeration-Flexbox.flex.align>`>
.. |xml.enumeration.flexbox.flex.direction| replace:: <:ref:`Flexbox.flex.direction <skin-elements-classmodel-enumeration-Flexbox.flex.direction>`>
.. |xml.enumeration.flexbox.flex.justify| replace:: <:ref:`Flexbox.flex.justify <skin-elements-classmodel-enumeration-Flexbox.flex.justify>`>
.. |xml.enumeration.flexbox.flex.wrap| replace:: <:ref:`Flexbox.flex.wrap <skin-elements-classmodel-enumeration-Flexbox.flex.wrap>`>
.. |xml.enumeration.font.smoothing| replace:: <:ref:`Font.smoothing <skin-elements-classmodel-enumeration-Font.smoothing>`>
.. |xml.enumeration.font.style| replace:: <:ref:`Font.style <skin-elements-classmodel-enumeration-Font.style>`>
.. |xml.enumeration.fontresource.style| replace:: <:ref:`FontResource.style <skin-elements-classmodel-enumeration-FontResource.style>`>
.. |xml.enumeration.form.buttons| replace:: <:ref:`Form.buttons <skin-elements-classmodel-enumeration-Form.buttons>`>
.. |xml.enumeration.form.options| replace:: <:ref:`Form.options <skin-elements-classmodel-enumeration-Form.options>`>
.. |xml.enumeration.form.windowstyle| replace:: <:ref:`Form.windowstyle <skin-elements-classmodel-enumeration-Form.windowstyle>`>
.. |xml.enumeration.frame.options| replace:: <:ref:`Frame.options <skin-elements-classmodel-enumeration-Frame.options>`>
.. |xml.enumeration.image.tile| replace:: <:ref:`Image.tile <skin-elements-classmodel-enumeration-Image.tile>`>
.. |xml.enumeration.imagefilter.name| replace:: <:ref:`ImageFilter.name <skin-elements-classmodel-enumeration-ImageFilter.name>`>
.. |xml.enumeration.imageview.options| replace:: <:ref:`ImageView.options <skin-elements-classmodel-enumeration-ImageView.options>`>
.. |xml.enumeration.itemview.options| replace:: <:ref:`ItemView.options <skin-elements-classmodel-enumeration-ItemView.options>`>
.. |xml.enumeration.itemview.scrolloptions| replace:: <:ref:`ItemView.scrolloptions <skin-elements-classmodel-enumeration-ItemView.scrolloptions>`>
.. |xml.enumeration.knob.options| replace:: <:ref:`Knob.options <skin-elements-classmodel-enumeration-Knob.options>`>
.. |xml.enumeration.label.options| replace:: <:ref:`Label.options <skin-elements-classmodel-enumeration-Label.options>`>
.. |xml.enumeration.layout.options| replace:: <:ref:`Layout.options <skin-elements-classmodel-enumeration-Layout.options>`>
.. |xml.enumeration.layoutclasses| replace:: <:ref:`LayoutClasses <skin-elements-classmodel-enumeration-LayoutClasses>`>
.. |xml.enumeration.line.scalealign| replace:: <:ref:`Line.scalealign <skin-elements-classmodel-enumeration-Line.scalealign>`>
.. |xml.enumeration.link.options| replace:: <:ref:`Link.options <skin-elements-classmodel-enumeration-Link.options>`>
.. |xml.enumeration.listview.options| replace:: <:ref:`ListView.options <skin-elements-classmodel-enumeration-ListView.options>`>
.. |xml.enumeration.listview.texttrimmode| replace:: <:ref:`ListView.texttrimmode <skin-elements-classmodel-enumeration-ListView.texttrimmode>`>
.. |xml.enumeration.listview.viewtype| replace:: <:ref:`ListView.viewtype <skin-elements-classmodel-enumeration-ListView.viewtype>`>
.. |xml.enumeration.multitoggle.options| replace:: <:ref:`MultiToggle.options <skin-elements-classmodel-enumeration-MultiToggle.options>`>
.. |xml.enumeration.parameter.options| replace:: <:ref:`Parameter.options <skin-elements-classmodel-enumeration-Parameter.options>`>
.. |xml.enumeration.parameter.type| replace:: <:ref:`Parameter.type <skin-elements-classmodel-enumeration-Parameter.type>`>
.. |xml.enumeration.perspective.options| replace:: <:ref:`Perspective.options <skin-elements-classmodel-enumeration-Perspective.options>`>
.. |xml.enumeration.perspective.orientation| replace:: <:ref:`Perspective.orientation <skin-elements-classmodel-enumeration-Perspective.orientation>`>
.. |xml.enumeration.perspective.transition| replace:: <:ref:`Perspective.transition <skin-elements-classmodel-enumeration-Perspective.transition>`>
.. |xml.enumeration.popupbox.options| replace:: <:ref:`PopupBox.options <skin-elements-classmodel-enumeration-PopupBox.options>`>
.. |xml.enumeration.popupbox.popup| replace:: <:ref:`PopupBox.popup <skin-elements-classmodel-enumeration-PopupBox.popup>`>
.. |xml.enumeration.radiobutton.options| replace:: <:ref:`RadioButton.options <skin-elements-classmodel-enumeration-RadioButton.options>`>
.. |xml.enumeration.rangeslider.options| replace:: <:ref:`RangeSlider.options <skin-elements-classmodel-enumeration-RangeSlider.options>`>
.. |xml.enumeration.scrollbutton.part| replace:: <:ref:`ScrollButton.part <skin-elements-classmodel-enumeration-ScrollButton.part>`>
.. |xml.enumeration.scrollpicker.options| replace:: <:ref:`ScrollPicker.options <skin-elements-classmodel-enumeration-ScrollPicker.options>`>
.. |xml.enumeration.scrollview.options| replace:: <:ref:`ScrollView.options <skin-elements-classmodel-enumeration-ScrollView.options>`>
.. |xml.enumeration.segmentbox.options| replace:: <:ref:`SegmentBox.options <skin-elements-classmodel-enumeration-SegmentBox.options>`>
.. |xml.enumeration.selectbox.options| replace:: <:ref:`SelectBox.options <skin-elements-classmodel-enumeration-SelectBox.options>`>
.. |xml.enumeration.selectbox.popup| replace:: <:ref:`SelectBox.popup <skin-elements-classmodel-enumeration-SelectBox.popup>`>
.. |xml.enumeration.slider.mode| replace:: <:ref:`Slider.mode <skin-elements-classmodel-enumeration-Slider.mode>`>
.. |xml.enumeration.slider.options| replace:: <:ref:`Slider.options <skin-elements-classmodel-enumeration-Slider.options>`>
.. |xml.enumeration.style.textalign| replace:: <:ref:`Style.textalign <skin-elements-classmodel-enumeration-Style.textalign>`>
.. |xml.enumeration.style.textoptions| replace:: <:ref:`Style.textoptions <skin-elements-classmodel-enumeration-Style.textoptions>`>
.. |xml.enumeration.style.textsmoothing| replace:: <:ref:`Style.textsmoothing <skin-elements-classmodel-enumeration-Style.textsmoothing>`>
.. |xml.enumeration.style.textstyle| replace:: <:ref:`Style.textstyle <skin-elements-classmodel-enumeration-Style.textstyle>`>
.. |xml.enumeration.tabview.options| replace:: <:ref:`TabView.options <skin-elements-classmodel-enumeration-TabView.options>`>
.. |xml.enumeration.textbox.options| replace:: <:ref:`TextBox.options <skin-elements-classmodel-enumeration-TextBox.options>`>
.. |xml.enumeration.textbox.texttrimmode| replace:: <:ref:`TextBox.texttrimmode <skin-elements-classmodel-enumeration-TextBox.texttrimmode>`>
.. |xml.enumeration.toggle.options| replace:: <:ref:`Toggle.options <skin-elements-classmodel-enumeration-Toggle.options>`>
.. |xml.enumeration.toolbutton.options| replace:: <:ref:`ToolButton.options <skin-elements-classmodel-enumeration-ToolButton.options>`>
.. |xml.enumeration.toolbutton.popup| replace:: <:ref:`ToolButton.popup <skin-elements-classmodel-enumeration-ToolButton.popup>`>
.. |xml.enumeration.treeview.options| replace:: <:ref:`TreeView.options <skin-elements-classmodel-enumeration-TreeView.options>`>
.. |xml.enumeration.trivectorpad.options| replace:: <:ref:`TriVectorPad.options <skin-elements-classmodel-enumeration-TriVectorPad.options>`>
.. |xml.enumeration.triggerview.gesturepriority| replace:: <:ref:`TriggerView.gesturepriority <skin-elements-classmodel-enumeration-TriggerView.gesturepriority>`>
.. |xml.enumeration.triggerview.options| replace:: <:ref:`TriggerView.options <skin-elements-classmodel-enumeration-TriggerView.options>`>
.. |xml.enumeration.updownbutton.options| replace:: <:ref:`UpDownButton.options <skin-elements-classmodel-enumeration-UpDownButton.options>`>
.. |xml.enumeration.valuebox.options| replace:: <:ref:`ValueBox.options <skin-elements-classmodel-enumeration-ValueBox.options>`>
.. |xml.enumeration.variant.options| replace:: <:ref:`Variant.options <skin-elements-classmodel-enumeration-Variant.options>`>
.. |xml.enumeration.view.attach| replace:: <:ref:`View.attach <skin-elements-classmodel-enumeration-View.attach>`>
.. |xml.enumeration.view.flex.alignself| replace:: <:ref:`View.flex.alignself <skin-elements-classmodel-enumeration-View.flex.alignself>`>
.. |xml.enumeration.view.layerbacking| replace:: <:ref:`View.layerBacking <skin-elements-classmodel-enumeration-View.layerBacking>`>
.. |xml.enumeration.view.options| replace:: <:ref:`View.options <skin-elements-classmodel-enumeration-View.options>`>
.. |xml.enumeration.view.transition| replace:: <:ref:`View.transition <skin-elements-classmodel-enumeration-View.transition>`>
.. |xml.enumeration.webview.options| replace:: <:ref:`WebView.options <skin-elements-classmodel-enumeration-WebView.options>`>
.. |xml.enumeration.workspace.windowstyle| replace:: <:ref:`Workspace.windowstyle <skin-elements-classmodel-enumeration-Workspace.windowstyle>`>
