.. Visual Styles Reference

.. |xml.class.basicstyle| replace:: <:ref:`BasicStyle <visual-styles-classmodel-class-BasicStyle>`>
.. |xml.class.borderstyle| replace:: <:ref:`BorderStyle <visual-styles-classmodel-class-BorderStyle>`>
.. |xml.class.buttonstyle| replace:: <:ref:`ButtonStyle <visual-styles-classmodel-class-ButtonStyle>`>
.. |xml.class.checkboxstyle| replace:: <:ref:`CheckBoxStyle <visual-styles-classmodel-class-CheckBoxStyle>`>
.. |xml.class.comboboxstyle| replace:: <:ref:`ComboBoxStyle <visual-styles-classmodel-class-ComboBoxStyle>`>
.. |xml.class.dialoggroupstyle| replace:: <:ref:`DialogGroupStyle <visual-styles-classmodel-class-DialogGroupStyle>`>
.. |xml.class.dividerstyle| replace:: <:ref:`DividerStyle <visual-styles-classmodel-class-DividerStyle>`>
.. |xml.class.dropboxstyle| replace:: <:ref:`DropBoxStyle <visual-styles-classmodel-class-DropBoxStyle>`>
.. |xml.class.editboxstyle| replace:: <:ref:`EditBoxStyle <visual-styles-classmodel-class-EditBoxStyle>`>
.. |xml.class.headerviewstyle| replace:: <:ref:`HeaderViewStyle <visual-styles-classmodel-class-HeaderViewStyle>`>
.. |xml.class.imageviewstyle| replace:: <:ref:`ImageViewStyle <visual-styles-classmodel-class-ImageViewStyle>`>
.. |xml.class.itemviewstyle| replace:: <:ref:`ItemViewStyle <visual-styles-classmodel-class-ItemViewStyle>`>
.. |xml.class.knobstyle| replace:: <:ref:`KnobStyle <visual-styles-classmodel-class-KnobStyle>`>
.. |xml.class.labelstyle| replace:: <:ref:`LabelStyle <visual-styles-classmodel-class-LabelStyle>`>
.. |xml.class.listviewstyle| replace:: <:ref:`ListViewStyle <visual-styles-classmodel-class-ListViewStyle>`>
.. |xml.class.menubarcontrolstyle| replace:: <:ref:`MenuBarControlStyle <visual-styles-classmodel-class-MenuBarControlStyle>`>
.. |xml.class.menucontrolstyle| replace:: <:ref:`MenuControlStyle <visual-styles-classmodel-class-MenuControlStyle>`>
.. |xml.class.pagecontrolstyle| replace:: <:ref:`PageControlStyle <visual-styles-classmodel-class-PageControlStyle>`>
.. |xml.class.popupselectorstyle| replace:: <:ref:`PopupSelectorStyle <visual-styles-classmodel-class-PopupSelectorStyle>`>
.. |xml.class.progressbarstyle| replace:: <:ref:`ProgressBarStyle <visual-styles-classmodel-class-ProgressBarStyle>`>
.. |xml.class.rangesliderstyle| replace:: <:ref:`RangeSliderStyle <visual-styles-classmodel-class-RangeSliderStyle>`>
.. |xml.class.sceneview3dstyle| replace:: <:ref:`SceneView3DStyle <visual-styles-classmodel-class-SceneView3DStyle>`>
.. |xml.class.scrollbarstyle| replace:: <:ref:`ScrollBarStyle <visual-styles-classmodel-class-ScrollBarStyle>`>
.. |xml.class.scrollbuttonstyle| replace:: <:ref:`ScrollButtonStyle <visual-styles-classmodel-class-ScrollButtonStyle>`>
.. |xml.class.scrollpickerstyle| replace:: <:ref:`ScrollPickerStyle <visual-styles-classmodel-class-ScrollPickerStyle>`>
.. |xml.class.scrollviewstyle| replace:: <:ref:`ScrollViewStyle <visual-styles-classmodel-class-ScrollViewStyle>`>
.. |xml.class.segmentbox| replace:: <:ref:`SegmentBox <visual-styles-classmodel-class-SegmentBox>`>
.. |xml.class.selectboxstyle| replace:: <:ref:`SelectBoxStyle <visual-styles-classmodel-class-SelectBoxStyle>`>
.. |xml.class.sliderstyle| replace:: <:ref:`SliderStyle <visual-styles-classmodel-class-SliderStyle>`>
.. |xml.class.tabviewstyle| replace:: <:ref:`TabViewStyle <visual-styles-classmodel-class-TabViewStyle>`>
.. |xml.class.textboxstyle| replace:: <:ref:`TextBoxStyle <visual-styles-classmodel-class-TextBoxStyle>`>
.. |xml.class.toolbuttonstyle| replace:: <:ref:`ToolButtonStyle <visual-styles-classmodel-class-ToolButtonStyle>`>
.. |xml.class.treeviewstyle| replace:: <:ref:`TreeViewStyle <visual-styles-classmodel-class-TreeViewStyle>`>
.. |xml.class.trivectorpadstyle| replace:: <:ref:`TriVectorPadStyle <visual-styles-classmodel-class-TriVectorPadStyle>`>
.. |xml.class.updownbuttonstyle| replace:: <:ref:`UpDownButtonStyle <visual-styles-classmodel-class-UpDownButtonStyle>`>
.. |xml.class.valuebarstyle| replace:: <:ref:`ValueBarStyle <visual-styles-classmodel-class-ValueBarStyle>`>
.. |xml.class.valueboxstyle| replace:: <:ref:`ValueBoxStyle <visual-styles-classmodel-class-ValueBoxStyle>`>
.. |xml.class.vectorpadstyle| replace:: <:ref:`VectorPadStyle <visual-styles-classmodel-class-VectorPadStyle>`>
.. |xml.class.windowbackgroundstyle| replace:: <:ref:`WindowBackgroundStyle <visual-styles-classmodel-class-WindowBackgroundStyle>`>
.. |xml.enumeration.defaultcolors| replace:: <:ref:`DefaultColors <visual-styles-classmodel-enumeration-DefaultColors>`>
.. |xml.enumeration.standardstyles| replace:: <:ref:`StandardStyles <visual-styles-classmodel-enumeration-StandardStyles>`>
.. |xml.enumeration.themecolors| replace:: <:ref:`ThemeColors <visual-styles-classmodel-enumeration-ThemeColors>`>
.. |xml.enumeration.themecursors| replace:: <:ref:`ThemeCursors <visual-styles-classmodel-enumeration-ThemeCursors>`>
.. |xml.enumeration.themeelementimages| replace:: <:ref:`ThemeElementImages <visual-styles-classmodel-enumeration-ThemeElementImages>`>
.. |xml.enumeration.themeelementstates| replace:: <:ref:`ThemeElementStates <visual-styles-classmodel-enumeration-ThemeElementStates>`>
.. |xml.enumeration.themeelementstateson| replace:: <:ref:`ThemeElementStatesOn <visual-styles-classmodel-enumeration-ThemeElementStatesOn>`>
.. |xml.enumeration.themefonts| replace:: <:ref:`ThemeFonts <visual-styles-classmodel-enumeration-ThemeFonts>`>
.. |xml.enumeration.thememetrics| replace:: <:ref:`ThemeMetrics <visual-styles-classmodel-enumeration-ThemeMetrics>`>
