{
  "ccl_add_app": "coremacros.cmake-ccl_add_app-macro",
  "ccl_add_core_app": "coremacros.cmake-ccl_add_core_app-macro",
  "ccl_add_core_library": "coremacros.cmake-ccl_add_core_library-macro",
  "ccl_add_core_plugin_library": "coremacros.cmake-ccl_add_core_plugin_library-macro",
  "ccl_add_dependencies": "coremacros.cmake-ccl_add_dependencies-macro",
  "ccl_add_library": "coremacros.cmake-ccl_add_library-macro",
  "ccl_add_optional": "coremacros.cmake-ccl_add_optional-macro",
  "ccl_add_resources": "coremacros.cmake-ccl_add_resources-macro",
  "ccl_configure_target": "coremacros.cmake-ccl_configure_target-macro",
  "ccl_evaluate_macros": "coremacros.cmake-ccl_evaluate_macros-macro",
  "ccl_export_symbols": "coremacros.cmake-ccl_export_symbols-macro",
  "ccl_find_path": "coremacros.cmake-ccl_find_path-macro",
  "ccl_find_platform_file": "coremacros.cmake-ccl_find_platform_file-macro",
  "ccl_get_build_output_directory": "coremacros.cmake-ccl_get_build_output_directory-macro",
  "ccl_get_library_path": "coremacros.cmake-ccl_get_library_path-macro",
  "ccl_include_platform_specifics": "coremacros.cmake-ccl_include_platform_specifics-macro",
  "ccl_link_whole_archive": "coremacros.cmake-ccl_link_whole_archive-macro",
  "ccl_makebin": "coremacros.cmake-ccl_makebin-macro",
  "ccl_makebin_export": "coremacros.cmake-ccl_makebin_export-macro",
  "ccl_print_properties": "coremacros.cmake-ccl_print_properties-function",
  "ccl_print_target_properties": "coremacros.cmake-ccl_print_target_properties-function",
  "ccl_print_variables": "coremacros.cmake-ccl_print_variables-function",
  "ccl_read_version": "coremacros.cmake-ccl_read_version-macro",
  "ccl_set_debug_arguments": "coremacros.cmake-ccl_set_debug_arguments-macro",
  "ccl_set_product_name": "coremacros.cmake-ccl_set_product_name-macro",
  "ccl_set_project_vendor": "coremacros.cmake-ccl_set_project_vendor-macro",
  "ccl_set_startup_project": "coremacros.cmake-ccl_set_startup_project-macro",
  "ccl_set_vendor": "coremacros.cmake-ccl_set_vendor-macro"
}